$ bash run_knn_smooth_from_rds.sh 14mWT 16     --rds states_with_plaque_info.rds     --d 20     --outdir knn_smooth_outputs
Reading Seurat RDS: states_with_plaque_info.rds
Matched cells: 26134 where type == 14mWT
Extracting assay=totalRNA, slot/layer=counts
Export matrix shape: 2842 genes x 26134 cells
Writing dense TSV for knn_smooth.py: knn_smooth_outputs/states_with_plaque_info_type_14mWT_totalRNA_counts.input.tsv
Running: python3 /media/zenglab/result/lingyuan/STEM/decon/knn_smooth/knn_smooth.py -f knn_smooth_outputs/states_with_plaque_info_type_14mWT_totalRNA_counts.input.tsv -o knn_smooth_outputs/states_with_plaque_info_type_14mWT_totalRNA_counts.knn_k16_d20.tsv -k 16 -d 20 --dither 0.03 -s 0
Loading the data... done. (Took 11.5 s.)
The expression matrix contains 2842 genes and 26134 cells.

Performing kNN-smoothing v2.1 with k=16, d=20, and dither=0.030...
Step 1/4: Smooth using k=2
        PCA took 1.7 s.
        The fraction of variance explained by the top 20 PCs is 13.0 %.
        Calculating pair-wise distance matrix took 7.5 s.
        Calculating the smoothed expression matrix took 80.7 s.
Step 2/4: Smooth using k=4
        PCA took 1.2 s.
        The fraction of variance explained by the top 20 PCs is 16.1 %.
        Calculating pair-wise distance matrix took 9.4 s.
        Calculating the smoothed expression matrix took 54.3 s.
Step 3/4: Smooth using k=8
        PCA took 0.8 s.
        The fraction of variance explained by the top 20 PCs is 20.5 %.
        Calculating pair-wise distance matrix took 8.0 s.
        Calculating the smoothed expression matrix took 52.8 s.
Step 4/4: Smooth using k=16
        PCA took 0.8 s.
        The fraction of variance explained by the top 20 PCs is 26.5 %.
        Calculating pair-wise distance matrix took 7.7 s.
        Calculating the smoothed expression matrix took 53.0 s.
kNN-smoothing finished in 294.4 s.

Writing results to "knn_smooth_outputs/states_with_plaque_info_type_14mWT_totalRNA_counts.knn_k16_ddone. (Took 52.8 s.)
Done.
Input TSV:  knn_smooth_outputs/states_with_plaque_info_type_14mWT_totalRNA_counts.input.tsv
Output TSV: knn_smooth_outputs/states_with_plaque_info_type_14mWT_totalRNA_counts.knn_k16_d20.tsv